============================= test session starts =============================
platform win32 -- Python 3.12.5, pytest-8.4.2, pluggy-1.6.0 -- C:\Users\er123\AppData\Local\Programs\Python\Python312\python.exe
cachedir: .pytest_cache
rootdir: C:\Users\er123\OneDrive\Desktop\Projects\copilot
configfile: pytest.ini
testpaths: tests
plugins: anyio-3.7.1, Faker-37.12.0
collecting ... collected 499 items / 1 error

=================================== ERRORS ====================================
___________________ ERROR collecting tests/api/test_api.py ____________________
ImportError while importing test module 'C:\Users\er123\OneDrive\Desktop\Projects\copilot\tests\api\test_api.py'.
Hint: make sure your test modules/packages have valid Python names.
Traceback:
..\..\..\..\AppData\Local\Programs\Python\Python312\Lib\importlib\__init__.py:90: in import_module
    return _bootstrap._gcd_import(name[level:], package, level)
           ^^^^^^^^^^^^^^^^^^^^^^^^^^^^^^^^^^^^^^^^^^^^^^^^^^^^
tests\api\test_api.py:4: in <module>
    from lattice_mind.api import server
lattice_mind\api\__init__.py:3: in <module>
    from .server import app  # noqa: F401
    ^^^^^^^^^^^^^^^^^^^^^^^
lattice_mind\api\server.py:33: in <module>
    from jose import JWTError
E   ModuleNotFoundError: No module named 'jose'
=========================== short test summary info ===========================
ERROR tests/api/test_api.py
!!!!!!!!!!!!!!!!!!! Interrupted: 1 error during collection !!!!!!!!!!!!!!!!!!!!
============================== 1 error in 1.81s ===============================
